\BOOKMARK [1][-]{section.1}{\376\377\000L\000i\000n\000g\000u\000a\000g\000e\000m\000\040\000E\000s\000c\000o\000l\000h\000i\000d\000a\000\040\000e\000\040\000J\000u\000s\000t\000i\000f\000i\000c\000a\000t\000i\000v\000a\000s}{}% 1
\BOOKMARK [1][-]{section.2}{\376\377\000M\000\351\000t\000o\000d\000o\000s\000\040\000p\000a\000r\000a\000\040\000P\000r\000o\000b\000l\000e\000m\000a\000s\000\040\000d\000e\000\040\000V\000a\000l\000o\000r\000\040\000I\000n\000i\000c\000i\000a\000l}{}% 2
\BOOKMARK [2][-]{subsection.2.1}{\376\377\000M\000\351\000t\000o\000d\000o\000\040\000d\000e\000\040\000E\000u\000l\000e\000r\000\040\000E\000x\000p\000l\000\355\000c\000i\000t\000o}{section.2}% 3
\BOOKMARK [3][-]{subsubsection.2.1.1}{\376\377\000F\000u\000n\000d\000a\000m\000e\000n\000t\000a\000\347\000\343\000o\000\040\000T\000e\000\363\000r\000i\000c\000a}{subsection.2.1}% 4
\BOOKMARK [3][-]{subsubsection.2.1.2}{\376\377\000E\000s\000t\000r\000a\000t\000\351\000g\000i\000a\000\040\000d\000e\000\040\000I\000m\000p\000l\000e\000m\000e\000n\000t\000a\000\347\000\343\000o}{subsection.2.1}% 5
\BOOKMARK [3][-]{subsubsection.2.1.3}{\376\377\000E\000s\000t\000r\000u\000t\000u\000r\000a\000\040\000d\000o\000s\000\040\000A\000r\000q\000u\000i\000v\000o\000s\000\040\000d\000e\000\040\000E\000n\000t\000r\000a\000d\000a\000\040\000e\000\040\000S\000a\000\355\000d\000a}{subsection.2.1}% 6
\BOOKMARK [3][-]{subsubsection.2.1.4}{\376\377\000P\000r\000o\000b\000l\000e\000m\000a\000s\000\040\000T\000e\000s\000t\000e}{subsection.2.1}% 7
\BOOKMARK [3][-]{subsubsection.2.1.5}{\376\377\000V\000a\000l\000i\000d\000a\000\347\000\343\000o\000\040\000d\000o\000s\000\040\000R\000e\000s\000u\000l\000t\000a\000d\000o\000s}{subsection.2.1}% 8
\BOOKMARK [3][-]{subsubsection.2.1.6}{\376\377\000D\000i\000f\000i\000c\000u\000l\000d\000a\000d\000e\000s\000\040\000E\000n\000f\000r\000e\000n\000t\000a\000d\000a\000s}{subsection.2.1}% 9
\BOOKMARK [2][-]{subsection.2.2}{\376\377\000M\000\351\000t\000o\000d\000o\000\040\000d\000e\000\040\000E\000u\000l\000e\000r\000\040\000M\000e\000l\000h\000o\000r\000a\000d\000o\000\040\000/\000\040\000H\000e\000u\000n}{section.2}% 10
\BOOKMARK [3][-]{subsubsection.2.2.1}{\376\377\000F\000u\000n\000d\000a\000m\000e\000n\000t\000a\000\347\000\343\000o\000\040\000T\000e\000\363\000r\000i\000c\000a}{subsection.2.2}% 11
\BOOKMARK [3][-]{subsubsection.2.2.2}{\376\377\000E\000s\000t\000r\000a\000t\000\351\000g\000i\000a\000\040\000d\000e\000\040\000I\000m\000p\000l\000e\000m\000e\000n\000t\000a\000\347\000\343\000o}{subsection.2.2}% 12
\BOOKMARK [3][-]{subsubsection.2.2.3}{\376\377\000E\000s\000t\000r\000u\000t\000u\000r\000a\000\040\000d\000o\000s\000\040\000A\000r\000q\000u\000i\000v\000o\000s\000\040\000d\000e\000\040\000E\000n\000t\000r\000a\000d\000a\000\040\000e\000\040\000S\000a\000\355\000d\000a}{subsection.2.2}% 13
\BOOKMARK [3][-]{subsubsection.2.2.4}{\376\377\000P\000r\000o\000b\000l\000e\000m\000a\000s\000\040\000T\000e\000s\000t\000e}{subsection.2.2}% 14
\BOOKMARK [3][-]{subsubsection.2.2.5}{\376\377\000V\000a\000l\000i\000d\000a\000\347\000\343\000o\000\040\000d\000o\000s\000\040\000R\000e\000s\000u\000l\000t\000a\000d\000o\000s}{subsection.2.2}% 15
\BOOKMARK [3][-]{subsubsection.2.2.6}{\376\377\000D\000i\000f\000i\000c\000u\000l\000d\000a\000d\000e\000s\000\040\000E\000n\000f\000r\000e\000n\000t\000a\000d\000a\000s}{subsection.2.2}% 16
\BOOKMARK [2][-]{subsection.2.3}{\376\377\000M\000\351\000t\000o\000d\000o\000\040\000d\000o\000\040\000P\000o\000n\000t\000o\000\040\000M\000\351\000d\000i\000o}{section.2}% 17
\BOOKMARK [3][-]{subsubsection.2.3.1}{\376\377\000F\000u\000n\000d\000a\000m\000e\000n\000t\000a\000\347\000\343\000o\000\040\000T\000e\000\363\000r\000i\000c\000a}{subsection.2.3}% 18
\BOOKMARK [3][-]{subsubsection.2.3.2}{\376\377\000E\000s\000t\000r\000a\000t\000\351\000g\000i\000a\000\040\000d\000e\000\040\000I\000m\000p\000l\000e\000m\000e\000n\000t\000a\000\347\000\343\000o}{subsection.2.3}% 19
\BOOKMARK [3][-]{subsubsection.2.3.3}{\376\377\000E\000s\000t\000r\000u\000t\000u\000r\000a\000\040\000d\000o\000s\000\040\000A\000r\000q\000u\000i\000v\000o\000s\000\040\000d\000e\000\040\000E\000n\000t\000r\000a\000d\000a\000\040\000e\000\040\000S\000a\000\355\000d\000a}{subsection.2.3}% 20
\BOOKMARK [3][-]{subsubsection.2.3.4}{\376\377\000P\000r\000o\000b\000l\000e\000m\000a\000s\000\040\000T\000e\000s\000t\000e}{subsection.2.3}% 21
\BOOKMARK [3][-]{subsubsection.2.3.5}{\376\377\000V\000a\000l\000i\000d\000a\000\347\000\343\000o\000\040\000d\000o\000s\000\040\000R\000e\000s\000u\000l\000t\000a\000d\000o\000s}{subsection.2.3}% 22
\BOOKMARK [3][-]{subsubsection.2.3.6}{\376\377\000D\000i\000f\000i\000c\000u\000l\000d\000a\000d\000e\000s\000\040\000E\000n\000f\000r\000e\000n\000t\000a\000d\000a\000s}{subsection.2.3}% 23
\BOOKMARK [2][-]{subsection.2.4}{\376\377\000M\000\351\000t\000o\000d\000o\000\040\000d\000e\000\040\000R\000u\000n\000g\000e\000-\000K\000u\000t\000t\000a\000\040\000d\000e\000\040\000Q\000u\000a\000r\000t\000a\000\040\000O\000r\000d\000e\000m}{section.2}% 24
\BOOKMARK [3][-]{subsubsection.2.4.1}{\376\377\000F\000u\000n\000d\000a\000m\000e\000n\000t\000a\000\347\000\343\000o\000\040\000T\000e\000\363\000r\000i\000c\000a}{subsection.2.4}% 25
\BOOKMARK [3][-]{subsubsection.2.4.2}{\376\377\000E\000s\000t\000r\000a\000t\000\351\000g\000i\000a\000\040\000d\000e\000\040\000I\000m\000p\000l\000e\000m\000e\000n\000t\000a\000\347\000\343\000o}{subsection.2.4}% 26
\BOOKMARK [3][-]{subsubsection.2.4.3}{\376\377\000E\000s\000t\000r\000u\000t\000u\000r\000a\000\040\000d\000o\000s\000\040\000A\000r\000q\000u\000i\000v\000o\000s\000\040\000d\000e\000\040\000E\000n\000t\000r\000a\000d\000a\000\040\000e\000\040\000S\000a\000\355\000d\000a}{subsection.2.4}% 27
\BOOKMARK [3][-]{subsubsection.2.4.4}{\376\377\000P\000r\000o\000b\000l\000e\000m\000a\000s\000\040\000T\000e\000s\000t\000e}{subsection.2.4}% 28
\BOOKMARK [3][-]{subsubsection.2.4.5}{\376\377\000V\000a\000l\000i\000d\000a\000\347\000\343\000o\000\040\000d\000o\000s\000\040\000R\000e\000s\000u\000l\000t\000a\000d\000o\000s}{subsection.2.4}% 29
\BOOKMARK [3][-]{subsubsection.2.4.6}{\376\377\000D\000i\000f\000i\000c\000u\000l\000d\000a\000d\000e\000s\000\040\000E\000n\000f\000r\000e\000n\000t\000a\000d\000a\000s}{subsection.2.4}% 30
\BOOKMARK [2][-]{subsection.2.5}{\376\377\000A\000n\000\341\000l\000i\000s\000e\000\040\000C\000o\000m\000p\000a\000r\000a\000t\000i\000v\000a\000\040\000d\000o\000s\000\040\000M\000\351\000t\000o\000d\000o\000s\000\040\000p\000a\000r\000a\000\040\000P\000r\000o\000b\000l\000e\000m\000a\000s\000\040\000d\000e\000\040\000V\000a\000l\000o\000r\000\040\000I\000n\000i\000c\000i\000a\000l}{section.2}% 31
\BOOKMARK [3][-]{subsubsection.2.5.1}{\376\377\000A\000v\000a\000l\000i\000a\000\347\000\343\000o\000\040\000n\000o\000\040\000E\000x\000e\000r\000c\000\355\000c\000i\000o\000\040\0001\0002\000.\0003}{subsection.2.5}% 32
\BOOKMARK [3][-]{subsubsection.2.5.2}{\376\377\000A\000v\000a\000l\000i\000a\000\347\000\343\000o\000\040\000n\000o\000\040\000E\000x\000e\000r\000c\000\355\000c\000i\000o\000\040\0001\0002\000.\0001\0000}{subsection.2.5}% 33
\BOOKMARK [3][-]{subsubsection.2.5.3}{\376\377\000A\000v\000a\000l\000i\000a\000\347\000\343\000o\000\040\000n\000o\000\040\000E\000x\000e\000r\000c\000\355\000c\000i\000o\000\040\0001\0002\000.\0001\0006}{subsection.2.5}% 34
\BOOKMARK [3][-]{subsubsection.2.5.4}{\376\377\000A\000v\000a\000l\000i\000a\000\347\000\343\000o\000\040\000n\000o\000\040\000M\000o\000d\000e\000l\000o\000\040\000E\000p\000i\000d\000\352\000m\000i\000c\000o\000\040\000S\000E\000I\000A\000H\000R}{subsection.2.5}% 35
\BOOKMARK [3][-]{subsubsection.2.5.5}{\376\377\000C\000o\000n\000c\000l\000u\000s\000\343\000o\000\040\000A\000n\000a\000l\000\355\000t\000i\000c\000a\000\040\000G\000l\000o\000b\000a\000l\000\040\000d\000o\000s\000\040\000M\000\351\000t\000o\000d\000o\000s\000\040\000d\000e\000\040\000P\000V\000I}{subsection.2.5}% 36
\BOOKMARK [1][-]{section.3}{\376\377\000M\000\351\000t\000o\000d\000o\000s\000\040\000p\000a\000r\000a\000\040\000P\000r\000o\000b\000l\000e\000m\000a\000s\000\040\000d\000e\000\040\000V\000a\000l\000o\000r\000\040\000d\000e\000\040\000C\000o\000n\000t\000o\000r\000n\000o}{}% 37
\BOOKMARK [2][-]{subsection.3.1}{\376\377\000M\000\351\000t\000o\000d\000o\000\040\000S\000h\000o\000o\000t\000i\000n\000g}{section.3}% 38
\BOOKMARK [3][-]{subsubsection.3.1.1}{\376\377\000F\000u\000n\000d\000a\000m\000e\000n\000t\000a\000\347\000\343\000o\000\040\000T\000e\000\363\000r\000i\000c\000a}{subsection.3.1}% 39
\BOOKMARK [3][-]{subsubsection.3.1.2}{\376\377\000E\000s\000t\000r\000a\000t\000\351\000g\000i\000a\000\040\000d\000e\000\040\000I\000m\000p\000l\000e\000m\000e\000n\000t\000a\000\347\000\343\000o}{subsection.3.1}% 40
\BOOKMARK [3][-]{subsubsection.3.1.3}{\376\377\000E\000s\000t\000r\000u\000t\000u\000r\000a\000\040\000d\000o\000s\000\040\000A\000r\000q\000u\000i\000v\000o\000s\000\040\000d\000e\000\040\000E\000n\000t\000r\000a\000d\000a\000\040\000e\000\040\000S\000a\000\355\000d\000a}{subsection.3.1}% 41
\BOOKMARK [3][-]{subsubsection.3.1.4}{\376\377\000P\000r\000o\000b\000l\000e\000m\000a\000s\000\040\000T\000e\000s\000t\000e}{subsection.3.1}% 42
\BOOKMARK [3][-]{subsubsection.3.1.5}{\376\377\000V\000a\000l\000i\000d\000a\000\347\000\343\000o\000\040\000d\000o\000s\000\040\000R\000e\000s\000u\000l\000t\000a\000d\000o\000s}{subsection.3.1}% 43
\BOOKMARK [3][-]{subsubsection.3.1.6}{\376\377\000D\000i\000f\000i\000c\000u\000l\000d\000a\000d\000e\000s\000\040\000E\000n\000f\000r\000e\000n\000t\000a\000d\000a\000s}{subsection.3.1}% 44
\BOOKMARK [2][-]{subsection.3.2}{\376\377\000M\000\351\000t\000o\000d\000o\000\040\000d\000a\000s\000\040\000D\000i\000f\000e\000r\000e\000n\000\347\000a\000s\000\040\000F\000i\000n\000i\000t\000a\000s}{section.3}% 45
\BOOKMARK [3][-]{subsubsection.3.2.1}{\376\377\000F\000u\000n\000d\000a\000m\000e\000n\000t\000a\000\347\000\343\000o\000\040\000T\000e\000\363\000r\000i\000c\000a}{subsection.3.2}% 46
\BOOKMARK [3][-]{subsubsection.3.2.2}{\376\377\000E\000s\000t\000r\000a\000t\000\351\000g\000i\000a\000\040\000d\000e\000\040\000I\000m\000p\000l\000e\000m\000e\000n\000t\000a\000\347\000\343\000o}{subsection.3.2}% 47
\BOOKMARK [3][-]{subsubsection.3.2.3}{\376\377\000E\000s\000t\000r\000u\000t\000u\000r\000a\000\040\000d\000o\000s\000\040\000A\000r\000q\000u\000i\000v\000o\000s\000\040\000d\000e\000\040\000E\000n\000t\000r\000a\000d\000a\000\040\000e\000\040\000S\000a\000\355\000d\000a}{subsection.3.2}% 48
\BOOKMARK [3][-]{subsubsection.3.2.4}{\376\377\000P\000r\000o\000b\000l\000e\000m\000a\000s\000\040\000T\000e\000s\000t\000e}{subsection.3.2}% 49
\BOOKMARK [3][-]{subsubsection.3.2.5}{\376\377\000V\000a\000l\000i\000d\000a\000\347\000\343\000o\000\040\000d\000o\000s\000\040\000R\000e\000s\000u\000l\000t\000a\000d\000o\000s}{subsection.3.2}% 50
\BOOKMARK [3][-]{subsubsection.3.2.6}{\376\377\000D\000i\000f\000i\000c\000u\000l\000d\000a\000d\000e\000s\000\040\000E\000n\000f\000r\000e\000n\000t\000a\000d\000a\000s}{subsection.3.2}% 51
\BOOKMARK [2][-]{subsection.3.3}{\376\377\000A\000n\000\341\000l\000i\000s\000e\000\040\000C\000o\000m\000p\000a\000r\000a\000t\000i\000v\000a\000\040\000d\000o\000s\000\040\000M\000\351\000t\000o\000d\000o\000s\000\040\000p\000a\000r\000a\000\040\000P\000r\000o\000b\000l\000e\000m\000a\000s\000\040\000d\000e\000\040\000V\000a\000l\000o\000r\000\040\000d\000e\000\040\000C\000o\000n\000t\000o\000r\000n\000o}{section.3}% 52
\BOOKMARK [3][-]{subsubsection.3.3.1}{\376\377\000A\000v\000a\000l\000i\000a\000\347\000\343\000o\000\040\000d\000o\000\040\000p\000r\000o\000b\000l\000e\000m\000a\000\040\000d\000a\000\040\000h\000a\000s\000t\000e\000\040\000c\000o\000m\000\040\0001\0000\000\040\000p\000o\000n\000t\000o\000s\000\040\000i\000n\000t\000e\000r\000n\000o\000s}{subsection.3.3}% 53
\BOOKMARK [3][-]{subsubsection.3.3.2}{\376\377\000C\000o\000m\000p\000a\000r\000a\000\347\000\343\000o\000\040\000e\000n\000t\000r\000e\000\040\000S\000h\000o\000o\000t\000i\000n\000g\000\040\000e\000\040\000D\000i\000f\000e\000r\000e\000n\000\347\000a\000s\000\040\000F\000i\000n\000i\000t\000a\000s}{subsection.3.3}% 54
\BOOKMARK [3][-]{subsubsection.3.3.3}{\376\377\000C\000o\000n\000c\000l\000u\000s\000\343\000o\000\040\000A\000n\000a\000l\000\355\000t\000i\000c\000a\000\040\000G\000l\000o\000b\000a\000l\000\040\000d\000o\000s\000\040\000M\000\351\000t\000o\000d\000o\000s\000\040\000d\000e\000\040\000P\000V\000C}{subsection.3.3}% 55
\BOOKMARK [1][-]{section.4}{\376\377\000O\000r\000g\000a\000n\000i\000z\000a\000\347\000\343\000o\000\040\000G\000e\000r\000a\000l\000\040\000d\000a\000\040\000I\000m\000p\000l\000e\000m\000e\000n\000t\000a\000\347\000\343\000o}{}% 56
\BOOKMARK [2][-]{subsection.4.1}{\376\377\000M\000o\000d\000u\000l\000a\000r\000i\000z\000a\000\347\000\343\000o\000\040\000d\000o\000\040\000C\000\363\000d\000i\000g\000o}{section.4}% 57
\BOOKMARK [2][-]{subsection.4.2}{\376\377\000A\000r\000q\000u\000i\000v\000o\000s\000\040\000d\000e\000\040\000E\000n\000t\000r\000a\000d\000a}{section.4}% 58
\BOOKMARK [2][-]{subsection.4.3}{\376\377\000A\000r\000q\000u\000i\000v\000o\000s\000\040\000d\000e\000\040\000S\000a\000\355\000d\000a}{section.4}% 59
\BOOKMARK [2][-]{subsection.4.4}{\376\377\000G\000e\000r\000a\000\347\000\343\000o\000\040\000d\000e\000\040\000T\000a\000b\000e\000l\000a\000s}{section.4}% 60
\BOOKMARK [2][-]{subsection.4.5}{\376\377\000G\000e\000r\000a\000\347\000\343\000o\000\040\000d\000e\000\040\000G\000r\000\341\000f\000i\000c\000o\000s}{section.4}% 61
\BOOKMARK [2][-]{subsection.4.6}{\376\377\000R\000e\000s\000t\000r\000i\000\347\000\365\000e\000s\000\040\000d\000e\000\040\000I\000m\000p\000l\000e\000m\000e\000n\000t\000a\000\347\000\343\000o}{section.4}% 62
\BOOKMARK [1][-]{section.5}{\376\377\000C\000o\000n\000s\000i\000d\000e\000r\000a\000\347\000\365\000e\000s\000\040\000F\000i\000n\000a\000i\000s}{}% 63
